TAP version 13
# (node:11364) ExperimentalWarning: `--experimental-loader` may be removed in the future; instead use `register()`:
# --import 'data:text/javascript,import { register } from "node:module"; import { pathToFileURL } from "node:url"; register("./.audit/ready-to-prod-20260905/ts-loader.mjs", pathToFileURL("./"));'
# (Use `node --trace-warnings ...` to show where the warning was created)
# Subtest: R01 - expired JWT can refresh twice despite rotation
ok 1 - R01 - expired JWT can refresh twice despite rotation
  ---
  duration_ms: 1.643
  type: 'test'
  ...
# Subtest: R02 - native HTTP Agent is not a fetch dispatcher
ok 2 - R02 - native HTTP Agent is not a fetch dispatcher
  ---
  duration_ms: 13.4895
  type: 'test'
  ...
# Subtest: R03 - raw payment snapshot does not satisfy widget contract
ok 3 - R03 - raw payment snapshot does not satisfy widget contract
  ---
  duration_ms: 0.3517
  type: 'test'
  ...
# Subtest: R04 - real widget client omits session_id on payment status
ok 4 - R04 - real widget client omits session_id on payment status
  ---
  duration_ms: 1.9154
  type: 'test'
  ...
# Subtest: R05 - real widget shipping parser drops valid API quote results
ok 5 - R05 - real widget shipping parser drops valid API quote results
  ---
  duration_ms: 0.8954
  type: 'test'
  ...
# Subtest: R06 - refund marks COMPLETED at fixed 1000 cents per item without provider
ok 6 - R06 - refund marks COMPLETED at fixed 1000 cents per item without provider
  ---
  duration_ms: 0.3073
  type: 'test'
  ...
1..6
# tests 6
# suites 0
# pass 6
# fail 0
# cancelled 0
# skipped 0
# todo 0
# duration_ms 568.894
